// Jest Snapshot v1, https://goo.gl/fbAQLP

exports[`Tests for GifGrid should create the component correctly 1`] = `
<Fragment>
  <h3>
    Co√±aroo
  </h3>
  <p>
    Loading
  </p>
  <div
    className="card-grid"
  />
</Fragment>
`;
